// Jest Snapshot v1, https://goo.gl/fbAQLP

exports[`PokemonPage Component debe de hacer match con el snapshot cuando cargan los pokemosn 1`] = `
<div class="container-score">
  <h4>Score: 0</h4>
  <hr>
  <h4>Vidas: 3</h4>
</div>
<div>
  <h1>¿Quién es este pokémon?</h1>
  <pokemon-picture-stub pokemonid="1" showpokemon="false"></pokemon-picture-stub>
  <pokemon-options-stub pokemons="[object Object],[object Object],[object Object],[object Object]" showlist="true"></pokemon-options-stub>
  <!--v-if-->
</div>
`;
